<html>
<body>
<pre>
<h1>µVision Build Log</h1>
<h2>Tool Versions:</h2>
IDE-Version: µVision V5.32.0.0
Copyright (C) 2020 ARM Ltd and ARM Germany GmbH. All rights reserved.
License Information: Amine Asus TUF, Coompanu, LIC=----
 
Tool Versions:
Toolchain:       MDK-Lite  Version: 5.32.0.0
Toolchain Path:  C:\Keil_v5\ARM\ARMCC\Bin
C Compiler:      Armcc.exe V5.06 update 7 (build 960)
Assembler:       Armasm.exe V5.06 update 7 (build 960)
Linker/Locator:  ArmLink.exe V5.06 update 7 (build 960)
Library Manager: ArmAr.exe V5.06 update 7 (build 960)
Hex Converter:   FromElf.exe V5.06 update 7 (build 960)
CPU DLL:         SARMCM3.DLL V5.32.0.0
Dialog DLL:      DARMSTM.DLL V1.68.0.0
Target DLL:      STLink\ST-LINKIII-KEIL_SWO.dll V3.0.8.0
Dialog DLL:      TCM.DLL V1.46.0.0
 
<h2>Project:</h2>
C:\Users\Asus TUF\Desktop\Manips_STM32F100_GL3_PBN\manip_1-3_AbstractionLayer\ARM_MDK\manip.uvprojx
Project File Date:  11/26/2020

<h2>Output:</h2>
*** Using Compiler 'V5.06 update 7 (build 960)', folder: 'C:\Keil_v5\ARM\ARMCC\Bin'
Rebuild target 'Target 1'
compiling gpio.c...
..\gpio.h(33): warning:  #1-D: last line of file ends without a newline
  //void GPIO_Init (GPIO_TypeDef* GPIOx,  GPIO_Struct*   GPIO_InitStruct);
..\gpio.c(39): warning:  #1-D: last line of file ends without a newline
  }
..\gpio.c: 2 warnings, 0 errors
compiling main.c...
..\gpio.h(33): warning:  #1-D: last line of file ends without a newline
  //void GPIO_Init (GPIO_TypeDef* GPIOx,  GPIO_Struct*   GPIO_InitStruct);
..\main.c(29): warning:  #223-D: function "GPIO_Init" declared implicitly
  	GPIO_Init(GPIOA, &GPIO_InitStruct);
..\main.c: 2 warnings, 0 errors
assembling startup_stm32f10x_md_vl.s...
compiling core_cm3.c...
compiling misc.c...
compiling system_stm32f10x.c...
compiling stm32f10x_rcc.c...
linking...
Program Size: Code=872 RO-data=320 RW-data=4 ZI-data=1636  
FromELF: creating hex file...
".\Objects\manip.axf" - 0 Error(s), 4 Warning(s).

<h2>Software Packages used:</h2>

Package Vendor: Keil
                http://www.keil.com/pack/Keil.STM32F1xx_DFP.2.3.0.pack
                Keil.STM32F1xx_DFP.2.3.0
                STMicroelectronics STM32F1 Series Device Support, Drivers and Examples

<h2>Collection of Component include folders:</h2>
  C:\Users\Asus TUF\AppData\Local\Arm\Packs\Keil\STM32F1xx_DFP\2.3.0\Device\Include

<h2>Collection of Component Files used:</h2>
Build Time Elapsed:  00:00:00
</pre>
</body>
</html>
